// Jest Snapshot v1, https://goo.gl/fbAQLP

exports[`DialogueResponse component renders the UI as expected 1`] = `
<DialogueResponse
  choiceIndex={0}
  dialogue={Array []}
  page={1}
>
  <p
    className="DialogueResponse__text"
  >
    Error: Something went wrong. Check your connection and try again.
  </p>
</DialogueResponse>
`;
