// Jest Snapshot v1, https://goo.gl/fbAQLP

exports[`Note component renders the UI as expected 1`] = `
<Note
  note={Object {}}
>
  <li>
    <p>
      Error: Looks like something went wrong. Check your connection and try again.
    </p>
  </li>
</Note>
`;
