// Jest Snapshot v1, https://goo.gl/fbAQLP

exports[`Header component renders the UI as expected 1`] = `
<BrowserRouter>
  <Router
    history={
      Object {
        "action": "POP",
        "block": [Function],
        "createHref": [Function],
        "go": [Function],
        "goBack": [Function],
        "goForward": [Function],
        "length": 1,
        "listen": [Function],
        "location": Object {
          "hash": "",
          "pathname": "/",
          "search": "",
          "state": undefined,
        },
        "push": [Function],
        "replace": [Function],
      }
    }
  >
    <withRouter(Header)>
      <Header
        forceUpdate={[Function]}
        history={
          Object {
            "action": "POP",
            "block": [Function],
            "createHref": [Function],
            "go": [Function],
            "goBack": [Function],
            "goForward": [Function],
            "length": 1,
            "listen": [Function],
            "location": Object {
              "hash": "",
              "pathname": "/",
              "search": "",
              "state": undefined,
            },
            "push": [Function],
            "replace": [Function],
          }
        }
        location={
          Object {
            "hash": "",
            "pathname": "/",
            "search": "",
            "state": undefined,
          }
        }
        match={
          Object {
            "isExact": true,
            "params": Object {},
            "path": "/",
            "url": "/",
          }
        }
      >
        <header
          className="Header__header"
        >
          <nav
            className="Header__nav"
          >
            <h1
              className="Header__h1"
            >
              <Link
                className="Header__home-link"
                to="/"
              >
                <LinkAnchor
                  className="Header__home-link"
                  href="/"
                  navigate={[Function]}
                >
                  <a
                    className="Header__home-link"
                    href="/"
                    onClick={[Function]}
                  >
                    LEGENDUM
                  </a>
                </LinkAnchor>
              </Link>
            </h1>
            <div
              className="Header__links-container"
            >
              <Link
                className="Header__link"
                to="/register"
              >
                <LinkAnchor
                  className="Header__link"
                  href="/register"
                  navigate={[Function]}
                >
                  <a
                    className="Header__link"
                    href="/register"
                    onClick={[Function]}
                  >
                    Register
                  </a>
                </LinkAnchor>
              </Link>
              <FontAwesomeIcon
                className="Header__leaf"
                icon={
                  Array [
                    "fab",
                    "pagelines",
                  ]
                }
              >
                <i
                  className="fa"
                />
              </FontAwesomeIcon>
              <Link
                className="Header__link"
                to={
                  Object {
                    "pathname": "/login",
                    "state": Object {
                      "from": "/",
                    },
                  }
                }
              >
                <LinkAnchor
                  className="Header__link"
                  href="/login"
                  navigate={[Function]}
                >
                  <a
                    className="Header__link"
                    href="/login"
                    onClick={[Function]}
                  >
                    Log in
                  </a>
                </LinkAnchor>
              </Link>
            </div>
          </nav>
        </header>
      </Header>
    </withRouter(Header)>
  </Router>
</BrowserRouter>
`;
