// Jest Snapshot v1, https://goo.gl/fbAQLP

exports[`NotesWidget component renders the UI as expected 1`] = `
<NotesWidget
  match={
    Object {
      "params": Object {
        "chapt": "",
      },
    }
  }
/>
`;
