// Jest Snapshot v1, https://goo.gl/fbAQLP

exports[`Hint component renders the UI as expected 1`] = `
<Hint
  hint={Object {}}
>
  <li>
    <p>
      Error: Looks like something went wrong. Check your connection and try again.
    </p>
  </li>
</Hint>
`;
