// Jest Snapshot v1, https://goo.gl/fbAQLP

exports[`TrueFalse component renders the UI as expected 1`] = `
<TrueFalse
  checkAnswer={[Function]}
  page={Object {}}
  savedUserInput={Object {}}
>
  <p>
    Error: Looks like something went wrong. Check your connection and try again.
  </p>
</TrueFalse>
`;
