// Jest Snapshot v1, https://goo.gl/fbAQLP

exports[`Do component renders the UI as expected 1`] = `
<Do
  match={
    Object {
      "params": Object {
        "chapt": "",
      },
    }
  }
>
  <div
    className="Do__container"
  >
    <LoadingSpinner>
      <div
        className="LoadingSpinner__loading-container"
      >
        <FontAwesomeIcon
          aria-label="Loading."
          className="LoadingSpinner__spinner"
          icon={
            Array [
              "fa",
              "spinner",
            ]
          }
          spin={true}
        >
          <i
            className="fa"
          />
        </FontAwesomeIcon>
      </div>
    </LoadingSpinner>
    <div
      className="Do__alert-div"
      role="alert"
    />
  </div>
</Do>
`;
