// Jest Snapshot v1, https://goo.gl/fbAQLP

exports[`Learn component renders the UI as expected 1`] = `
<Learn
  match={
    Object {
      "params": Object {
        "chapt": "",
      },
    }
  }
>
  <LoadingSpinner>
    <div
      className="LoadingSpinner__loading-container"
    >
      <FontAwesomeIcon
        aria-label="Loading."
        className="LoadingSpinner__spinner"
        icon={
          Array [
            "fa",
            "spinner",
          ]
        }
        spin={true}
      >
        <i
          className="fa"
        />
      </FontAwesomeIcon>
    </div>
  </LoadingSpinner>
  <div
    className="Learn__alert-div"
    role="alert"
  />
</Learn>
`;
