// Jest Snapshot v1, https://goo.gl/fbAQLP

exports[`QuestionLegend component renders the UI as expected 1`] = `
<QuestionLegend
  page={Object {}}
  savedUserInput={Object {}}
>
  <p>
    Error: Looks like something went wrong. Check your connection and try again.
  </p>
</QuestionLegend>
`;
