// Jest Snapshot v1, https://goo.gl/fbAQLP

exports[`Error boundary catches errors in children 1`] = `
<ErrorBoundary>
  <section
    className="section"
  >
    <header>
      <h2>
        Error
      </h2>
    </header>
    <p>
      Looks like something went wrong.  Check the address, check your connection, and try again.
    </p>
  </section>
</ErrorBoundary>
`;
