// Jest Snapshot v1, https://goo.gl/fbAQLP

exports[`MainBackground component renders the UI as expected 1`] = `
<MainBackground>
  <div
    aria-hidden="true"
    className="MainBackground__background-div"
    role="img"
  />
</MainBackground>
`;
