// Jest Snapshot v1, https://goo.gl/fbAQLP

exports[`Exercise component renders the UI as expected 1`] = `
<BrowserRouter>
  <Router
    history={
      Object {
        "action": "POP",
        "block": [Function],
        "createHref": [Function],
        "go": [Function],
        "goBack": [Function],
        "goForward": [Function],
        "length": 1,
        "listen": [Function],
        "location": Object {
          "hash": "",
          "pathname": "/",
          "search": "",
          "state": undefined,
        },
        "push": [Function],
        "replace": [Function],
      }
    }
  >
    <Exercise>
      <Route
        component={[Function]}
        path="/game/exercises/:chapt/learn"
      />
      <Route
        component={[Function]}
        path="/game/exercises/:chapt/do"
      />
    </Exercise>
  </Router>
</BrowserRouter>
`;
