// Jest Snapshot v1, https://goo.gl/fbAQLP

exports[`UserIncorrect component renders the UI as expected 1`] = `
<UserIncorrect
  page={Object {}}
  userResponse=""
>
  <p>
    Error: Looks like something went wrong. Check your connection and try again.
  </p>
</UserIncorrect>
`;
