// Jest Snapshot v1, https://goo.gl/fbAQLP

exports[`PasswordChecklist component renders the UI as expected 1`] = `
<PasswordChecklist
  passwordError={Object {}}
>
  <div
    className="PasswordChecklist__container"
  >
    <p>
      Password must:
    </p>
    <ul>
      <li>
        Be at least 8 characters in length 
        <span
          className="PasswordChecklist__check"
        >
          ✔
        </span>
      </li>
      <li>
        Be no more than 72 characters in length 
        <span
          className="PasswordChecklist__check"
        >
          ✔
        </span>
      </li>
      <li>
        Not begin or end with a space 
        <span
          className="PasswordChecklist__check"
        >
          ✔
        </span>
      </li>
      <li>
        Contain at least one lowercase letter 
        <span
          className="PasswordChecklist__check"
        >
          ✔
        </span>
      </li>
      <li>
        Contain at least one uppercase letter 
        <span
          className="PasswordChecklist__check"
        >
          ✔
        </span>
      </li>
      <li>
        Contain at least one number 
        <span
          className="PasswordChecklist__check"
        >
          ✔
        </span>
      </li>
      <li>
        Contain at least one special character (e.g. !, @, #, $, etc.) 
        <span
          className="PasswordChecklist__check"
        >
          ✔
        </span>
      </li>
    </ul>
  </div>
</PasswordChecklist>
`;
